I made this file right from the website
